// Vitest Snapshot v1, https://vitest.dev/guide/snapshot.html

exports[`compileMitosisComponent > should return the compiled component for fixture: ./fixtures/get-started-svelte.ts 1`] = `
"<script>
  import onChange from "on-change";

  name = "Steve";
</script>

<div>
  <input class="input" bind:value={state.name} />
  Hello! I can run natively in React, Vue, Svelte, Qwik, and many more frameworks!
</div>

<style>
  .input {
    color: red;
  }
</style>
"
`;

exports[`compileMitosisComponent > should return the compiled component for fixture: ./fixtures/warnings-in-stdout.ts 1`] = `
"/** @jsx h */
import { h, Fragment } from "preact";

function SftpDownsyncIcon(props) {
  return <span>SFTP</span>;
}

export default SftpDownsyncIcon;

"
`;
