// Vitest Snapshot v1, https://vitest.dev/guide/snapshot.html

exports[`esbuild build > should build with mitosis import plugin 1`] = `
"// mitosis:./component
import * as React2 from "react";
function MyComponent(props) {
  const state = useLocalProxy({ name: "Steve" });
  return /* @__PURE__ */ React2.createElement("div", null, /* @__PURE__ */ React2.createElement(
    "input",
    {
      css: {
        color: "red"
      },
      value: state.name,
      onChange: (event) => state.name = event.target.value
    }
  ), "Hello! I can run natively in React, Vue, Svelte, Qwik, and many more frameworks!");
}
var component_default = MyComponent;

// <stdin>
var comp = () => /* @__PURE__ */ React.createElement(component_default, null);
export {
  comp
};
"
`;
